Downloading https://services.gradle.org/distributions/gradle-8.11.1-bin.zip
..................................................................................................................................

Welcome to Gradle 8.11.1!

Here are the highlights of this release:
 - Parallel load and store for Configuration Cache
 - Java compilation errors at the end of the build output
 - Consolidated report for warnings and deprecations

For more details see https://docs.gradle.org/8.11.1/release-notes.html

To honour the JVM settings for this build a single-use Daemon process will be forked. For more on this, please refer to https://docs.gradle.org/8.11.1/userguide/gradle_daemon.html#sec:disabling_the_daemon in the Gradle documentation.
Daemon will be stopped at the end of the build 
> Task :app:generateShorcutsFile UP-TO-DATE
> Task :app:preBuild UP-TO-DATE
> Task :app:preReleaseBuild UP-TO-DATE
> Task :app:generateReleaseResValues
> Task :app:mapReleaseSourceSetPaths
> Task :app:generateReleaseResources
> Task :app:createReleaseCompatibleScreenManifests
> Task :app:extractDeepLinksRelease

> Task :app:processReleaseMainManifest
package="io.github.qourum.metekhi" found in source AndroidManifest.xml: /home/runner/work/metekhi/metekhi/android/app/src/main/AndroidManifest.xml.
Setting the namespace via the package attribute in the source AndroidManifest.xml is no longer supported, and the value is ignored.
Recommendation: remove package="io.github.qourum.metekhi" from the source AndroidManifest.xml: /home/runner/work/metekhi/metekhi/android/app/src/main/AndroidManifest.xml.

> Task :app:processReleaseManifest
> Task :app:processApplicationManifestReleaseForBundle
> Task :app:packageReleaseResources
> Task :app:checkReleaseAarMetadata
> Task :app:parseReleaseLocalResources
> Task :app:extractReleaseVersionControlInfo
> Task :app:mergeReleaseShaders
> Task :app:compileReleaseShaders NO-SOURCE
> Task :app:generateReleaseAssets UP-TO-DATE
> Task :app:mergeReleaseAssets
> Task :app:mergeReleaseResources
> Task :app:processReleaseManifestForPackage
> Task :app:javaPreCompileRelease
> Task :app:checkReleaseDuplicateClasses
> Task :app:mergeReleaseArtProfile
> Task :app:extractProguardFiles
> Task :app:processReleaseJavaRes NO-SOURCE
> Task :app:mergeReleaseStartupProfile
> Task :app:mergeReleaseJniLibFolders
> Task :app:processReleaseResources
> Task :app:mergeReleaseNativeLibs NO-SOURCE
> Task :app:bundleReleaseResources
> Task :app:mergeReleaseJavaResource
> Task :app:compileReleaseJavaWithJavac
> Task :app:mergeReleaseGeneratedProguardFiles
> Task :app:stripReleaseDebugSymbols NO-SOURCE
> Task :app:writeReleaseAppMetadata
> Task :app:collectReleaseDependencies
> Task :app:configureReleaseDependencies
> Task :app:extractReleaseNativeSymbolTables NO-SOURCE
> Task :app:mergeReleaseNativeDebugMetadata NO-SOURCE
> Task :app:parseReleaseIntegrityConfig
> Task :app:compressReleaseAssets
> Task :app:sdkReleaseDependencyData
> Task :app:writeReleaseSigningConfigVersions
> Task :app:optimizeReleaseResources
> Task :app:expandReleaseArtProfileWildcards
> Task :app:minifyReleaseWithR8
> Task :app:buildReleasePreBundle
> Task :app:compileReleaseArtProfile
> Task :app:packageRelease
> Task :app:createReleaseApkListingFileRedirect
> Task :app:assembleRelease
> Task :app:packageReleaseBundle
> Task :app:signReleaseBundle
> Task :app:produceReleaseBundleIdeListingFile
> Task :app:createReleaseBundleListingFileRedirect
> Task :app:bundleRelease
[Incubating] Problems report is available at: file:///home/runner/work/metekhi/metekhi/android/build/reports/problems/problems-report.html

Deprecated Gradle features were used in this build, making it incompatible with Gradle 9.0.

You can use '--warning-mode all' to show the individual deprecation warnings and determine if they come from your own scripts or plugins.

For more on this, please refer to https://docs.gradle.org/8.11.1/userguide/command_line_interface.html#sec:command_line_warnings in the Gradle documentation.

BUILD SUCCESSFUL in 1m 12s
45 actionable tasks: 45 executed
